Error type 5 at Line 13: unmatching type on both sides of assignment
Error type 8 at Line 14: incompatiable return type
