Error type 6 at Line 9: left side in assignment is rvalue
Error type 6 at Line 10: left side in assignment is rvalue
Error type 12 at Line 11: indexing by non-integer
