Error type A at Line 3: unknown lexeme 111_go
Error type B at Line 5: Missing semicolon ';'
